exports[`<Example /> render correctly 1`] = `
<p>
  Example.jsx
</p>
`;
