exports[`<Navigation /> renders correctly 1`] = `
<div
  className="top-bar">
  <div
    className="top-bar-left">
    <ul
      className="menu">
      <li
        className="menu-text">
        React-Boilerplate
      </li>
      <li>
        <a
          onClick={[Function]}
          style={Object {}}>
          Example
        </a>
      </li>
    </ul>
  </div>
  <div
    className="top-bar-right">
    <ul
      className="menu">
      <li
        className="menu-text">
        Created by somebody
      </li>
    </ul>
  </div>
</div>
`;
